//  sub-command: set_context dft -scan 
//  sub-command: read_verilog rtl/count_noscan.v 
//  sub-command: read_cell_library lib/slow_vdd1v0.mdt 
//  Reading DFT Library file lib/slow_vdd1v0.mdt
//  Finished reading file lib/slow_vdd1v0.mdt
//  sub-command: read_sdc constraints/count.sdc 
//  Command 'read_sdc' requires an elaborated design. Automatically elaborating the design ...
//  Note: Top design is 'counter'.
//  Warning: 57 cases: Unused net in DFT library model
//  Note: Issue set_current_design with the -show_elaboration_warnings option to see more details about previous warnings
//  Design elaboration successful.
//  Reading SDC file constraints/count.sdc ...
//  Finished reading SDC file constraints/count.sdc.
//  sub-command: set_current_design 
//  Note: Top design is 'counter'.
//  sub-command: analyze_control_signals -auto_fix 
//  Flattening process completed, cell instances=21, gates=62, PIs=2, POs=8, CPU time=0.00 sec.
//  ---------------------------------------------------------------------------
//  Begin circuit learning analyses.
//  --------------------------------
//  Learning completed, CPU time=0.00 sec.
//  ---------------------------------------------------------------------------
//  Begin control signals identification analysis.
//  ---------------------------------------------------------------------------
//  Identified 1 clock control primary inputs.
//     '/clk' (1) with off-state = 0.
//  Identified 0 set control primary inputs.
//  Identified 1 reset control primary inputs.
//     '/rst' (2) with off-state = 1.
//  Identified 0 read control primary inputs.
//  Identified 0 write control primary inputs.
//  ---------------------------------------------------------------------------
//  Total number of internal lines is 24 (8 clocks, 8 sets , 8 resets, 0 reads, 0 writes).
//  Total number of potentially clockable internal lines is 16 (8 clocks, 0 sets , 8 resets, 0 reads, 0 writes).
//  Total number of not clockable internal lines is 8 (0 clocks, 8 sets , 0 resets, 0 reads, 0 writes).
//  Total number of added primary input controls 2 (1 clocks, 0 sets , 1 resets, 0 reads, 0 writes).
//  ---------------------------------------------------------------------------
//  Warning: Flattened model deleted.
//  sub-command: set_test_logic -clock on 
//  sub-command: set_system_mode analysis 
//  Flattening process completed, cell instances=21, gates=62, PIs=2, POs=8, CPU time=0.00 sec.
//  ---------------------------------------------------------------------------
//  Begin circuit learning analyses.
//  --------------------------------
//  Learning completed, CPU time=0.00 sec.
//  ---------------------------------------------------------------------------
//  Begin scan chain identification process, memory elements = 8,
//  sequential library cells = 8.
//  ---------------------------------------------------------------------------
//  ---------------------------------------------------------------------------
//  Begin scannability rules checking for 8 sequential library cells.
//  ---------------------------------------------------------------------------
//  8 sequential library cells identified as scannable.
//  ---------------------------------------------------------------------------
//  Begin scan clock rules checking.
//  ---------------------------------------------------------------------------
//  2 scan clock/set/reset lines have been identified.
//  All scan clocks successfully passed off-state check.
//  8 sequential cells passed clock stability checking.
//  ---------------------------------------------------------------------------
//  Begin gating checking
//  ---------------------------------------------------------------------------
//  ---------------------------------------------------------------------------
//  Checking clock for 0 non-scannable sequential instances
//  ---------------------------------------------------------------------------
//  0 sequential instances can be gated to be scannable
//  0 sequential instances remain non-scannable
//  ---------------------------------------------------------------------------
//  Checking test clocks
//  ---------------------------------------------------------------------------
//  Number of test clocks required = 0
//  ---------------------------------------------------------------------------
//  Begin shift register identification for 8 sequential library cells.
//  ---------------------------------------------------------------------------
//  No shift registers identified.
//  Number of targeted sequential library cells = 8
//  Warning: The tool may require a shift-capture clock during insertion, 
//           but no 'shift_capture_clock' DFT signal was identified 
//           and no TCLK source was specified using the command 'set_scan_signals -tclk'.
//  Note: The system clock 'clk' will be used as the shift-capture clock, if needed.
//  sub-command: analyze_scan_chains 
//  Chain allocation of 'unwrapped' mode completed:
//         1 distributed chain of size 8
//  sub-command: insert_test_logic 
=============================
Test Logic Insertion Summary:
=============================

  Structural Data:
  ----------------
                           Added top-level port count:           3
                                 Added instance count:           2

  Logical Data:
  -------------
                           Added retiming logic count:           1
                   Added scan chain count (unwrapped):           1

//  Warning: Flattened model deleted.
//  sub-command: write_scan_order outputs/count.scandef 
//  sub-command: report_scan_chains 

===============================
Scan Chains Created by the Tool
===============================

   Scan mode 'unwrapped' scan chains:
   ----------------------------------
      chain = chain0   group = dummy  input = /ts_si[0]  output = /ts_so[0]  length = 8

//  sub-command: write_design -output_file outputs/count_scan.v -rep 
//  sub-command: write_atpg_setup outputs/count_scan_testproc -procfile -rep 
//  sub-command: exit 
