============================================================
  Generated by:           Genus(TM) Synthesis Solution 16.23-s049_1
  Generated on:           Aug 19 2026  02:34:15 pm
  Module:                 count
  Technology library:     slow_vdd1v0 1.0
  Operating conditions:   PVT_0P9V_125C (balanced_tree)
  Wireload mode:          enclosed
  Area mode:              timing library
============================================================

                           
  Gate   Instances   Area      Library    
------------------------------------------
AND2XL           6   8.208    slow_vdd1v0 
DFFHQX1          1   5.472    slow_vdd1v0 
DFFQXL           7  38.304    slow_vdd1v0 
NOR2X1           8   8.208    slow_vdd1v0 
XNOR2X1          7  16.758    slow_vdd1v0 
------------------------------------------
total           29  76.950                


                                       
     Type      Instances  Area  Area % 
---------------------------------------
sequential             8 43.776   56.9 
logic                 21 33.174   43.1 
physical_cells         0  0.000    0.0 
---------------------------------------
total                 29 76.950  100.0 
